
Lenguaje204@Pc6 MINGW64 ~
$ git config --global user.name"compu07"

Lenguaje204@Pc6 MINGW64 ~
$ mkdir myFirstGit

Lenguaje204@Pc6 MINGW64 ~
$ cd myFirstgit

Lenguaje204@Pc6 MINGW64 ~/myFirstgit
$ git init
Initialized empty Git repository in C:/Users/Lenguaje204/myFirstgit/.git/

Lenguaje204@Pc6 MINGW64 ~/myFirstgit (master)
$ git status
On branch master

No commits yet

nothing to commit (create/copy files and use "git add" to track)

Lenguaje204@Pc6 MINGW64 ~/myFirstgit (master)
$ git add hello.txt
fatal: pathspec 'hello.txt' did not match any files

Lenguaje204@Pc6 MINGW64 ~/myFirstgit (master)
$ git status
On branch master

No commits yet

Untracked files:
  (use "git add <file>..." to include in what will be committed)
        hello.txt

nothing added to commit but untracked files present (use "git add" to track)

Lenguaje204@Pc6 MINGW64 ~/myFirstgit (master)
$ git add hello.txt

Lenguaje204@Pc6 MINGW64 ~/myFirstgit (master)
$ git status
On branch master

No commits yet

Changes to be committed:
  (use "git rm --cached <file>..." to unstage)
        new file:   hello.txt


Lenguaje204@Pc6 MINGW64 ~/myFirstgit (master)
$ git commit file.txt
error: pathspec 'file.txt' did not match any file(s) known to git

Lenguaje204@Pc6 MINGW64 ~/myFirstgit (master)
$ git commit hello.txt

*** Please tell me who you are.

Run

  git config --global user.email "you@example.com"
  git config --global user.name "Your Name"

to set your account's default identity.
Omit --global to set the identity only in this repository.

fatal: unable to auto-detect email address (got 'Lenguaje204@Pc6.(none)')

Lenguaje204@Pc6 MINGW64 ~/myFirstgit (master)
$ ^C

Lenguaje204@Pc6 MINGW64 ~/myFirstgit (master)
$  git config --global user.email "you@example.com"

Lenguaje204@Pc6 MINGW64 ~/myFirstgit (master)
$ git config --global user.name "Your Name"

Lenguaje204@Pc6 MINGW64 ~/myFirstgit (master)
$ git commit hello.txt
[master (root-commit) 7fd430b] added the introduction
 1 file changed, 0 insertions(+), 0 deletions(-)
 create mode 100644 hello.txt

Lenguaje204@Pc6 MINGW64 ~/myFirstgit (master)
$ git branch
* master

Lenguaje204@Pc6 MINGW64 ~/myFirstgit (master)
$ git branch develop

Lenguaje204@Pc6 MINGW64 ~/myFirstgit (master)
$ git checkout develop
Switched to branch 'develop'

Lenguaje204@Pc6 MINGW64 ~/myFirstgit (develop)
$ git branch
* develop
  master

Lenguaje204@Pc6 MINGW64 ~/myFirstgit (develop)
$ git clone https://github.com/miguelsd19/codes
Cloning into 'codes'...
warning: You appear to have cloned an empty repository.

Lenguaje204@Pc6 MINGW64 ~/myFirstgit (develop)
$ cd codes

Lenguaje204@Pc6 MINGW64 ~/myFirstgit/codes (master)
$ git remote
origin

Lenguaje204@Pc6 MINGW64 ~/myFirstgit/codes (master)
$ touch hi.txt

Lenguaje204@Pc6 MINGW64 ~/myFirstgit/codes (master)
$ add hi.txt
bash: add: command not found

Lenguaje204@Pc6 MINGW64 ~/myFirstgit/codes (master)
$ git add hi.txt

Lenguaje204@Pc6 MINGW64 ~/myFirstgit/codes (master)
$ commit hi.txt
bash: commit: command not found

Lenguaje204@Pc6 MINGW64 ~/myFirstgit/codes (master)
$ git commit hi.txt
[master (root-commit) 356fd63] hi.txt update
 1 file changed, 0 insertions(+), 0 deletions(-)
 create mode 100644 hi.txt

Lenguaje204@Pc6 MINGW64 ~/myFirstgit/codes (master)
$ git push origin master
Logon failed, use ctrl+c to cancel basic credential prompt.
Mig19_sa
Enumerating objects: 3, done.
Counting objects: 100% (3/3), done.
Writing objects: 100% (3/3), 209 bytes | 41.00 KiB/s, done.
Total 3 (delta 0), reused 0 (delta 0)
To https://github.com/miguelsd19/codes
 * [new branch]      master -> master

Lenguaje204@Pc6 MINGW64 ~/myFirstgit/codes (master)
$ Mig19_sa
bash: Mig19_sa: command not found

Lenguaje204@Pc6 MINGW64 ~/myFirstgit/codes (master)
$ git pull origin master
remote: Enumerating objects: 4, done.
remote: Counting objects: 100% (4/4), done.
remote: Compressing objects: 100% (2/2), done.
remote: Total 3 (delta 0), reused 0 (delta 0), pack-reused 0
Unpacking objects: 100% (3/3), done.
From https://github.com/miguelsd19/codes
 * branch            master     -> FETCH_HEAD
   356fd63..8a696ae  master     -> origin/master
Updating 356fd63..8a696ae
Fast-forward
 README.md | 2 ++
 1 file changed, 2 insertions(+)
 create mode 100644 README.md

Lenguaje204@Pc6 MINGW64 ~/myFirstgit/codes (master)
$ ^C

Lenguaje204@Pc6 MINGW64 ~/myFirstgit/codes (master)
$
